   Compiling lbe-terminal v0.1.0 (C:\LBE-TUI-Lab)
warning: variable does not need to be mutable
   --> src\ui.rs:441:13
    |
441 |         let mut lines = vec![
    |             ----^^^^^
    |             |
    |             help: remove this `mut`
    |
    = note: `#[warn(unused_mut)]` (part of `#[warn(unused)]`) on by default

warning: function `headless_prompt` is never used
   --> src\main.rs:339:4
    |
339 | fn headless_prompt(arguments: &[String]) -> io::Result<String> {
    |    ^^^^^^^^^^^^^^^
    |
    = note: `#[warn(dead_code)]` (part of `#[warn(unused)]`) on by default

warning: variants `Claude`, `Gemini`, and `Other` are never constructed
  --> src\browser_chat.rs:11:5
   |
 9 | pub(crate) enum BrowserChatProvider {
   |                 ------------------- variants in this enum
10 |     ChatGpt,
11 |     Claude,
   |     ^^^^^^
12 |     Gemini,
   |     ^^^^^^
13 |     Other(String),
   |     ^^^^^
   |
   = note: `BrowserChatProvider` has derived impls for the traits `Clone` and `Debug`, but these are intentionally ignored during dead code analysis

warning: struct `BrowserChatSession` is never constructed
  --> src\browser_chat.rs:28:19
   |
28 | pub(crate) struct BrowserChatSession {
   |                   ^^^^^^^^^^^^^^^^^^

warning: struct `BrowserChatMessage` is never constructed
  --> src\browser_chat.rs:37:19
   |
37 | pub(crate) struct BrowserChatMessage {
   |                   ^^^^^^^^^^^^^^^^^^

warning: enum `BrowserChatEvent` is never used
  --> src\browser_chat.rs:45:17
   |
45 | pub(crate) enum BrowserChatEvent {
   |                 ^^^^^^^^^^^^^^^^

warning: struct `BrowserChatError` is never constructed
  --> src\browser_chat.rs:59:19
   |
59 | pub(crate) struct BrowserChatError {
   |                   ^^^^^^^^^^^^^^^^

warning: trait `BrowserChatAdapter` is never used
  --> src\browser_chat.rs:63:18
   |
63 | pub(crate) trait BrowserChatAdapter {
   |                  ^^^^^^^^^^^^^^^^^^

warning: multiple variants are never constructed
   --> src\events.rs:104:5
    |
 11 | pub(crate) enum LbeEvent {
    |                 -------- variants in this enum
...
104 |     CheckpointRestored {
    |     ^^^^^^^^^^^^^^^^^^
...
131 |     CommandFailed {
    |     ^^^^^^^^^^^^^
...
138 |     CommandDetached {
    |     ^^^^^^^^^^^^^^^
...
143 |     DetachedCommandProgress {
    |     ^^^^^^^^^^^^^^^^^^^^^^^
...
148 |     DetachedCommandCompleted {
    |     ^^^^^^^^^^^^^^^^^^^^^^^^
...
153 |     DetachedLogAvailable {
    |     ^^^^^^^^^^^^^^^^^^^^
...
165 |     RetryScheduled {
    |     ^^^^^^^^^^^^^^
...
172 |     RetryLimitReached {
    |     ^^^^^^^^^^^^^^^^^
...
182 |     ExecutionResumed {
    |     ^^^^^^^^^^^^^^^^
...
185 |     TimeoutWarning {
    |     ^^^^^^^^^^^^^^
...
339 |     BrowserChatConnectionLost,
    |     ^^^^^^^^^^^^^^^^^^^^^^^^^
340 |     BrowserChatReconnected {
    |     ^^^^^^^^^^^^^^^^^^^^^^
    |
    = note: `LbeEvent` has derived impls for the traits `Clone` and `Debug`, but these are intentionally ignored during dead code analysis

warning: variant `Elevated` is never constructed
   --> src\events.rs:349:5
    |
346 | pub(crate) enum ToolRisk {
    |                 -------- variant in this enum
...
349 |     Elevated,
    |     ^^^^^^^^
    |
    = note: `ToolRisk` has derived impls for the traits `Clone` and `Debug`, but these are intentionally ignored during dead code analysis

warning: variants `Failed` and `InsufficientEvidence` are never constructed
   --> src\events.rs:365:5
    |
363 | pub(crate) enum ValidationStatus {
    |                 ---------------- variants in this enum
364 |     Passed,
365 |     Failed,
    |     ^^^^^^
366 |     InsufficientEvidence,
    |     ^^^^^^^^^^^^^^^^^^^^
    |
    = note: `ValidationStatus` has derived impls for the traits `Clone` and `Debug`, but these are intentionally ignored during dead code analysis

warning: struct `SessionMemoryRef` is never constructed
  --> src\memory.rs:12:19
   |
12 | pub(crate) struct SessionMemoryRef {
   |                   ^^^^^^^^^^^^^^^^

warning: method `verified` is never used
  --> src\memory.rs:33:19
   |
32 | impl MemoryRecord {
   | ----------------- method in this implementation
33 |     pub(crate) fn verified(&self) -> bool {
   |                   ^^^^^^^^

warning: variants `UserIntent`, `ToolExecution`, `Completion`, and `Checkpoint` are never constructed
  --> src\memory.rs:40:5
   |
39 | pub(crate) enum MemoryRecordType {
   |                 ---------------- variants in this enum
40 |     UserIntent,
   |     ^^^^^^^^^^
41 |     AgentDecision,
42 |     ToolExecution,
   |     ^^^^^^^^^^^^^
43 |     ValidationResult,
44 |     Completion,
   |     ^^^^^^^^^^
45 |     Checkpoint,
   |     ^^^^^^^^^^
   |
   = note: `MemoryRecordType` has derived impls for the traits `Clone` and `Debug`, but these are intentionally ignored during dead code analysis

warning: variants `Unverified`, `Stale`, `Contradicted`, and `Superseded` are never constructed
  --> src\memory.rs:67:5
   |
64 | pub(crate) enum MemoryTruth {
   |                 ----------- variants in this enum
...
67 |     Unverified,
   |     ^^^^^^^^^^
68 |     Stale,
   |     ^^^^^
69 |     Contradicted,
   |     ^^^^^^^^^^^^
70 |     Superseded,
   |     ^^^^^^^^^^
   |
   = note: `MemoryTruth` has derived impls for the traits `Clone` and `Debug`, but these are intentionally ignored during dead code analysis

warning: struct `MemoryEventIdentity` is never constructed
  --> src\memory.rs:87:19
   |
87 | pub(crate) struct MemoryEventIdentity {
   |                   ^^^^^^^^^^^^^^^^^^^

warning: variants `Continue`, `RefreshRuntimeSnapshot`, `QueryBirdEye`, and `RecallSession` are never constructed
  --> src\requests.rs:20:5
   |
 7 | pub(crate) enum UserRequest {
   |                 ----------- variants in this enum
...
20 |     Continue {
   |     ^^^^^^^^
...
24 |     RefreshRuntimeSnapshot,
   |     ^^^^^^^^^^^^^^^^^^^^^^
25 |     RefreshMcpRegistry,
26 |     QueryBirdEye {
   |     ^^^^^^^^^^^^
...
89 |     RecallSession {
   |     ^^^^^^^^^^^^^
   |
   = note: `UserRequest` has derived impls for the traits `Clone` and `Debug`, but these are intentionally ignored during dead code analysis

warning: constant `FRAME_REVEAL` is never used
  --> src\types.rs:45:18
   |
45 | pub(crate) const FRAME_REVEAL: Duration = Duration::from_millis(300);
   |                  ^^^^^^^^^^^^

warning: constant `BRACKETS_REVEAL` is never used
  --> src\types.rs:46:18
   |
46 | pub(crate) const BRACKETS_REVEAL: Duration = Duration::from_millis(700);
   |                  ^^^^^^^^^^^^^^^

warning: constant `SLOGAN_REVEAL` is never used
  --> src\types.rs:48:18
   |
48 | pub(crate) const SLOGAN_REVEAL: Duration = Duration::from_millis(1300);
   |                  ^^^^^^^^^^^^^

warning: method `long_label` is never used
   --> src\types.rs:227:19
    |
207 | impl AgentMode {
    | -------------- method in this implementation
...
227 |     pub(crate) fn long_label(self) -> &'static str {
    |                   ^^^^^^^^^^

warning: methods `label` and `is_terminal` are never used
   --> src\types.rs:259:19
    |
258 | impl ChildAgentStatus {
    | --------------------- methods in this implementation
259 |     pub(crate) fn label(self) -> &'static str {
    |                   ^^^^^
...
271 |     pub(crate) fn is_terminal(self) -> bool {
    |                   ^^^^^^^^^^^

warning: associated function `new` is never used
   --> src\types.rs:294:19
    |
293 | impl ChildAgentRun {
    | ------------------ associated function in this implementation
294 |     pub(crate) fn new(correlation_id: String, parent_session_id: String) -> Self {
    |                   ^^^

warning: variants `Connecting`, `Reconnecting`, and `Lost` are never constructed
   --> src\types.rs:320:5
    |
317 | pub(crate) enum RuntimeConnection {
    |                 ----------------- variants in this enum
...
320 |     Connecting,
    |     ^^^^^^^^^^
321 |     Connected,
322 |     Reconnecting,
    |     ^^^^^^^^^^^^
323 |     Lost,
    |     ^^^^
    |
    = note: `RuntimeConnection` has derived impls for the traits `Clone` and `Debug`, but these are intentionally ignored during dead code analysis

warning: variants `Hub` and `Detached` are never constructed
   --> src\types.rs:464:5
    |
461 | pub(crate) enum RuntimeMode {
    |                 ----------- variants in this enum
...
464 |     Hub,
    |     ^^^
465 |     Detached,
    |     ^^^^^^^^
    |
    = note: `RuntimeMode` has derived impls for the traits `Clone` and `Debug`, but these are intentionally ignored during dead code analysis

warning: struct `CredentialRef` is never constructed
   --> src\types.rs:536:19
    |
536 | pub(crate) struct CredentialRef(String);
    |                   ^^^^^^^^^^^^^

warning: struct `ProviderConfig` is never constructed
   --> src\types.rs:539:19
    |
539 | pub(crate) struct ProviderConfig {
    |                   ^^^^^^^^^^^^^^

warning: struct `Message` is never constructed
   --> src\types.rs:626:19
    |
626 | pub(crate) struct Message {
    |                   ^^^^^^^

warning: struct `ToolDefinition` is never constructed
   --> src\types.rs:632:19
    |
632 | pub(crate) struct ToolDefinition {
    |                   ^^^^^^^^^^^^^^

warning: struct `ModelRequest` is never constructed
   --> src\types.rs:638:19
    |
638 | pub(crate) struct ModelRequest {
    |                   ^^^^^^^^^^^^

warning: enum `ModelEvent` is never used
   --> src\types.rs:646:17
    |
646 | pub(crate) enum ModelEvent {
    |                 ^^^^^^^^^^

warning: struct `Usage` is never constructed
   --> src\types.rs:659:19
    |
659 | pub(crate) struct Usage {
    |                   ^^^^^

warning: enum `FinishReason` is never used
   --> src\types.rs:667:17
    |
667 | pub(crate) enum FinishReason {
    |                 ^^^^^^^^^^^^

warning: struct `ProviderError` is never constructed
   --> src\types.rs:676:19
    |
676 | pub(crate) struct ProviderError {
    |                   ^^^^^^^^^^^^^

warning: struct `WorkspaceGlobMatch` is never constructed
    --> src\types.rs:1165:19
     |
1165 | pub(crate) struct WorkspaceGlobMatch {
     |                   ^^^^^^^^^^^^^^^^^^

warning: struct `WorkspaceGlob` is never constructed
    --> src\types.rs:1171:19
     |
1171 | pub(crate) struct WorkspaceGlob {
     |                   ^^^^^^^^^^^^^

warning: struct `WorkspaceSearch` is never constructed
    --> src\types.rs:1179:19
     |
1179 | pub(crate) struct WorkspaceSearch {
     |                   ^^^^^^^^^^^^^^^

warning: function `draw` is never used
  --> src\ui.rs:99:15
   |
99 | pub(crate) fn draw(frame: &mut Frame, app: &App) {
   |               ^^^^

warning: function `draw_workspace_sidebar` is never used
   --> src\ui.rs:327:4
    |
327 | fn draw_workspace_sidebar(frame: &mut Frame, area: Rect, app: &App) {
    |    ^^^^^^^^^^^^^^^^^^^^^^

warning: function `draw_landing` is never used
   --> src\ui.rs:407:4
    |
407 | fn draw_landing(frame: &mut Frame, app: &App) {
    |    ^^^^^^^^^^^^

warning: function `context_meter` is never used
   --> src\ui.rs:979:15
    |
979 | pub(crate) fn context_meter(used: usize, capacity: usize, width: usize) -> String {
    |               ^^^^^^^^^^^^^

warning: function `mode_indicator` is never used
   --> src\ui.rs:992:4
    |
992 | fn mode_indicator(label: &'static str, selected: bool) -> Span<'static> {
    |    ^^^^^^^^^^^^^^

warning: function `logo_cell_visible` is never used
    --> src\ui.rs:2512:15
     |
2512 | pub(crate) fn logo_cell_visible(row: usize, column: usize, elapsed: Duration) -> bool {
     |               ^^^^^^^^^^^^^^^^^

warning: methods `disconnect`, `reconnect`, and `connection_state` are never used
    --> src\wrapper.rs:2313:19
     |
1840 | impl RealLbeWrapper {
     | ------------------- methods in this implementation
...
2313 |     pub(crate) fn disconnect(&mut self) {
     |                   ^^^^^^^^^^
...
2333 |     pub(crate) fn reconnect(&mut self) -> Result<(), LbeError> {
     |                   ^^^^^^^^^
...
2378 |     pub(crate) fn connection_state(&self) -> RuntimeConnection {
     |                   ^^^^^^^^^^^^^^^^

warning: `lbe-terminal` (bin "lbe") generated 44 warnings (run `cargo fix --bin "lbe" -p lbe-terminal` to apply 1 suggestion)
    Finished `dev` profile [unoptimized + debuginfo] target(s) in 2.55s
